running egg_info
creating ../../build/turtlebot_dqn/turtlebot_dqn.egg-info
writing ../../build/turtlebot_dqn/turtlebot_dqn.egg-info/PKG-INFO
writing dependency_links to ../../build/turtlebot_dqn/turtlebot_dqn.egg-info/dependency_links.txt
writing entry points to ../../build/turtlebot_dqn/turtlebot_dqn.egg-info/entry_points.txt
writing requirements to ../../build/turtlebot_dqn/turtlebot_dqn.egg-info/requires.txt
writing top-level names to ../../build/turtlebot_dqn/turtlebot_dqn.egg-info/top_level.txt
writing manifest file '../../build/turtlebot_dqn/turtlebot_dqn.egg-info/SOURCES.txt'
reading manifest file '../../build/turtlebot_dqn/turtlebot_dqn.egg-info/SOURCES.txt'
writing manifest file '../../build/turtlebot_dqn/turtlebot_dqn.egg-info/SOURCES.txt'
running build
running build_py
creating /home/asad/turtlebot0/build/turtlebot_dqn/build
creating /home/asad/turtlebot0/build/turtlebot_dqn/build/lib
creating /home/asad/turtlebot0/build/turtlebot_dqn/build/lib/turtlebot_dqn
copying turtlebot_dqn/dqn_node.py -> /home/asad/turtlebot0/build/turtlebot_dqn/build/lib/turtlebot_dqn
copying turtlebot_dqn/My_testing_node.py -> /home/asad/turtlebot0/build/turtlebot_dqn/build/lib/turtlebot_dqn
copying turtlebot_dqn/goal_publisher.py -> /home/asad/turtlebot0/build/turtlebot_dqn/build/lib/turtlebot_dqn
copying turtlebot_dqn/bumper_reset_node.py -> /home/asad/turtlebot0/build/turtlebot_dqn/build/lib/turtlebot_dqn
copying turtlebot_dqn/__init__.py -> /home/asad/turtlebot0/build/turtlebot_dqn/build/lib/turtlebot_dqn
copying turtlebot_dqn/custom_model.py -> /home/asad/turtlebot0/build/turtlebot_dqn/build/lib/turtlebot_dqn
running install
running install_lib
creating /home/asad/turtlebot0/install/turtlebot_dqn/lib/python3.10/site-packages/turtlebot_dqn
copying /home/asad/turtlebot0/build/turtlebot_dqn/build/lib/turtlebot_dqn/dqn_node.py -> /home/asad/turtlebot0/install/turtlebot_dqn/lib/python3.10/site-packages/turtlebot_dqn
copying /home/asad/turtlebot0/build/turtlebot_dqn/build/lib/turtlebot_dqn/My_testing_node.py -> /home/asad/turtlebot0/install/turtlebot_dqn/lib/python3.10/site-packages/turtlebot_dqn
copying /home/asad/turtlebot0/build/turtlebot_dqn/build/lib/turtlebot_dqn/goal_publisher.py -> /home/asad/turtlebot0/install/turtlebot_dqn/lib/python3.10/site-packages/turtlebot_dqn
copying /home/asad/turtlebot0/build/turtlebot_dqn/build/lib/turtlebot_dqn/bumper_reset_node.py -> /home/asad/turtlebot0/install/turtlebot_dqn/lib/python3.10/site-packages/turtlebot_dqn
copying /home/asad/turtlebot0/build/turtlebot_dqn/build/lib/turtlebot_dqn/__init__.py -> /home/asad/turtlebot0/install/turtlebot_dqn/lib/python3.10/site-packages/turtlebot_dqn
copying /home/asad/turtlebot0/build/turtlebot_dqn/build/lib/turtlebot_dqn/custom_model.py -> /home/asad/turtlebot0/install/turtlebot_dqn/lib/python3.10/site-packages/turtlebot_dqn
byte-compiling /home/asad/turtlebot0/install/turtlebot_dqn/lib/python3.10/site-packages/turtlebot_dqn/dqn_node.py to dqn_node.cpython-310.pyc
byte-compiling /home/asad/turtlebot0/install/turtlebot_dqn/lib/python3.10/site-packages/turtlebot_dqn/My_testing_node.py to My_testing_node.cpython-310.pyc
byte-compiling /home/asad/turtlebot0/install/turtlebot_dqn/lib/python3.10/site-packages/turtlebot_dqn/goal_publisher.py to goal_publisher.cpython-310.pyc
byte-compiling /home/asad/turtlebot0/install/turtlebot_dqn/lib/python3.10/site-packages/turtlebot_dqn/bumper_reset_node.py to bumper_reset_node.cpython-310.pyc
byte-compiling /home/asad/turtlebot0/install/turtlebot_dqn/lib/python3.10/site-packages/turtlebot_dqn/__init__.py to __init__.cpython-310.pyc
byte-compiling /home/asad/turtlebot0/install/turtlebot_dqn/lib/python3.10/site-packages/turtlebot_dqn/custom_model.py to custom_model.cpython-310.pyc
running install_data
creating /home/asad/turtlebot0/install/turtlebot_dqn/share/ament_index
creating /home/asad/turtlebot0/install/turtlebot_dqn/share/ament_index/resource_index
creating /home/asad/turtlebot0/install/turtlebot_dqn/share/ament_index/resource_index/packages
copying resource/turtlebot_dqn -> /home/asad/turtlebot0/install/turtlebot_dqn/share/ament_index/resource_index/packages
copying package.xml -> /home/asad/turtlebot0/install/turtlebot_dqn/share/turtlebot_dqn
creating /home/asad/turtlebot0/install/turtlebot_dqn/share/turtlebot_dqn/launch
copying launch/dqn_test.launch.py -> /home/asad/turtlebot0/install/turtlebot_dqn/share/turtlebot_dqn/launch
running install_egg_info
Copying ../../build/turtlebot_dqn/turtlebot_dqn.egg-info to /home/asad/turtlebot0/install/turtlebot_dqn/lib/python3.10/site-packages/turtlebot_dqn-0.0.0-py3.10.egg-info
running install_scripts
Installing My_testing_node.py script to /home/asad/turtlebot0/install/turtlebot_dqn/lib/turtlebot_dqn
Installing bumper_reset_node script to /home/asad/turtlebot0/install/turtlebot_dqn/lib/turtlebot_dqn
Installing custom_model script to /home/asad/turtlebot0/install/turtlebot_dqn/lib/turtlebot_dqn
Installing dqn_node script to /home/asad/turtlebot0/install/turtlebot_dqn/lib/turtlebot_dqn
Installing goal_publisher script to /home/asad/turtlebot0/install/turtlebot_dqn/lib/turtlebot_dqn
writing list of installed files to '/home/asad/turtlebot0/build/turtlebot_dqn/install.log'
