[3.758s] Invoking command in '/home/asad/turtlebot0/src/turtlebot_dqn': PYTHONPATH=/home/asad/turtlebot0/build/turtlebot_dqn/prefix_override:/usr/lib/python3/dist-packages/colcon_core/task/python/colcon_distutils_commands:/home/asad/turtlebot0/install/turtlebot_dqn/lib/python3.10/site-packages:${PYTHONPATH} /usr/bin/python3 -W ignore:setup.py install is deprecated -W ignore:easy_install command is deprecated setup.py egg_info --egg-base ../../build/turtlebot_dqn build --build-base /home/asad/turtlebot0/build/turtlebot_dqn/build install --record /home/asad/turtlebot0/build/turtlebot_dqn/install.log --single-version-externally-managed install_data
[4.976s] running egg_info
[4.979s] writing ../../build/turtlebot_dqn/turtlebot_dqn.egg-info/PKG-INFO
[4.984s] writing dependency_links to ../../build/turtlebot_dqn/turtlebot_dqn.egg-info/dependency_links.txt
[4.985s] writing entry points to ../../build/turtlebot_dqn/turtlebot_dqn.egg-info/entry_points.txt
[4.987s] writing requirements to ../../build/turtlebot_dqn/turtlebot_dqn.egg-info/requires.txt
[4.988s] writing top-level names to ../../build/turtlebot_dqn/turtlebot_dqn.egg-info/top_level.txt
[4.997s] reading manifest file '../../build/turtlebot_dqn/turtlebot_dqn.egg-info/SOURCES.txt'
[5.002s] writing manifest file '../../build/turtlebot_dqn/turtlebot_dqn.egg-info/SOURCES.txt'
[5.004s] running build
[5.005s] running build_py
[5.008s] copying turtlebot_dqn/goal_publisher.py -> /home/asad/turtlebot0/build/turtlebot_dqn/build/lib/turtlebot_dqn
[5.011s] running install
[5.017s] running install_lib
[5.025s] copying /home/asad/turtlebot0/build/turtlebot_dqn/build/lib/turtlebot_dqn/goal_publisher.py -> /home/asad/turtlebot0/install/turtlebot_dqn/lib/python3.10/site-packages/turtlebot_dqn
[5.030s] byte-compiling /home/asad/turtlebot0/install/turtlebot_dqn/lib/python3.10/site-packages/turtlebot_dqn/goal_publisher.py to goal_publisher.cpython-310.pyc
[5.033s] running install_data
[5.035s] running install_egg_info
[5.045s] removing '/home/asad/turtlebot0/install/turtlebot_dqn/lib/python3.10/site-packages/turtlebot_dqn-0.0.0-py3.10.egg-info' (and everything under it)
[5.048s] Copying ../../build/turtlebot_dqn/turtlebot_dqn.egg-info to /home/asad/turtlebot0/install/turtlebot_dqn/lib/python3.10/site-packages/turtlebot_dqn-0.0.0-py3.10.egg-info
[5.052s] running install_scripts
[5.146s] Installing My_testing_node.py script to /home/asad/turtlebot0/install/turtlebot_dqn/lib/turtlebot_dqn
[5.148s] Installing bumper_reset_node script to /home/asad/turtlebot0/install/turtlebot_dqn/lib/turtlebot_dqn
[5.149s] Installing custom_model script to /home/asad/turtlebot0/install/turtlebot_dqn/lib/turtlebot_dqn
[5.151s] Installing dqn_node script to /home/asad/turtlebot0/install/turtlebot_dqn/lib/turtlebot_dqn
[5.152s] Installing goal_publisher script to /home/asad/turtlebot0/install/turtlebot_dqn/lib/turtlebot_dqn
[5.156s] writing list of installed files to '/home/asad/turtlebot0/build/turtlebot_dqn/install.log'
[5.276s] Invoked command in '/home/asad/turtlebot0/src/turtlebot_dqn' returned '0': PYTHONPATH=/home/asad/turtlebot0/build/turtlebot_dqn/prefix_override:/usr/lib/python3/dist-packages/colcon_core/task/python/colcon_distutils_commands:/home/asad/turtlebot0/install/turtlebot_dqn/lib/python3.10/site-packages:${PYTHONPATH} /usr/bin/python3 -W ignore:setup.py install is deprecated -W ignore:easy_install command is deprecated setup.py egg_info --egg-base ../../build/turtlebot_dqn build --build-base /home/asad/turtlebot0/build/turtlebot_dqn/build install --record /home/asad/turtlebot0/build/turtlebot_dqn/install.log --single-version-externally-managed install_data
