[1.977s] Invoking command in '/home/asad/turtlebot0/src/turtlebot_dqn': PYTHONPATH=/home/asad/turtlebot0/build/turtlebot_dqn/prefix_override:/usr/lib/python3/dist-packages/colcon_core/task/python/colcon_distutils_commands:/home/asad/turtlebot0/install/turtlebot_dqn/lib/python3.10/site-packages:${PYTHONPATH} /usr/bin/python3 -W ignore:setup.py install is deprecated -W ignore:easy_install command is deprecated setup.py egg_info --egg-base ../../build/turtlebot_dqn build --build-base /home/asad/turtlebot0/build/turtlebot_dqn/build install --record /home/asad/turtlebot0/build/turtlebot_dqn/install.log --single-version-externally-managed install_data
[2.561s] running egg_info
[2.563s] writing ../../build/turtlebot_dqn/turtlebot_dqn.egg-info/PKG-INFO
[2.564s] writing dependency_links to ../../build/turtlebot_dqn/turtlebot_dqn.egg-info/dependency_links.txt
[2.564s] writing entry points to ../../build/turtlebot_dqn/turtlebot_dqn.egg-info/entry_points.txt
[2.564s] writing requirements to ../../build/turtlebot_dqn/turtlebot_dqn.egg-info/requires.txt
[2.565s] writing top-level names to ../../build/turtlebot_dqn/turtlebot_dqn.egg-info/top_level.txt
[2.571s] reading manifest file '../../build/turtlebot_dqn/turtlebot_dqn.egg-info/SOURCES.txt'
[2.573s] writing manifest file '../../build/turtlebot_dqn/turtlebot_dqn.egg-info/SOURCES.txt'
[2.573s] running build
[2.573s] running build_py
[2.575s] running install
[2.576s] running install_lib
[2.582s] running install_data
[2.583s] running install_egg_info
[2.586s] removing '/home/asad/turtlebot0/install/turtlebot_dqn/lib/python3.10/site-packages/turtlebot_dqn-0.0.0-py3.10.egg-info' (and everything under it)
[2.587s] Copying ../../build/turtlebot_dqn/turtlebot_dqn.egg-info to /home/asad/turtlebot0/install/turtlebot_dqn/lib/python3.10/site-packages/turtlebot_dqn-0.0.0-py3.10.egg-info
[2.589s] running install_scripts
[2.634s] Installing My_testing_node.py script to /home/asad/turtlebot0/install/turtlebot_dqn/lib/turtlebot_dqn
[2.634s] Installing bumper_reset_node script to /home/asad/turtlebot0/install/turtlebot_dqn/lib/turtlebot_dqn
[2.635s] Installing custom_model script to /home/asad/turtlebot0/install/turtlebot_dqn/lib/turtlebot_dqn
[2.635s] Installing dqn_node script to /home/asad/turtlebot0/install/turtlebot_dqn/lib/turtlebot_dqn
[2.635s] Installing goal_publisher script to /home/asad/turtlebot0/install/turtlebot_dqn/lib/turtlebot_dqn
[2.636s] writing list of installed files to '/home/asad/turtlebot0/build/turtlebot_dqn/install.log'
[2.685s] Invoked command in '/home/asad/turtlebot0/src/turtlebot_dqn' returned '0': PYTHONPATH=/home/asad/turtlebot0/build/turtlebot_dqn/prefix_override:/usr/lib/python3/dist-packages/colcon_core/task/python/colcon_distutils_commands:/home/asad/turtlebot0/install/turtlebot_dqn/lib/python3.10/site-packages:${PYTHONPATH} /usr/bin/python3 -W ignore:setup.py install is deprecated -W ignore:easy_install command is deprecated setup.py egg_info --egg-base ../../build/turtlebot_dqn build --build-base /home/asad/turtlebot0/build/turtlebot_dqn/build install --record /home/asad/turtlebot0/build/turtlebot_dqn/install.log --single-version-externally-managed install_data
