[3.323s] Invoking command in '/home/asad/turtlebot0/src/turtlebot_dqn': PYTHONPATH=/home/asad/turtlebot0/build/turtlebot_dqn/prefix_override:/usr/lib/python3/dist-packages/colcon_core/task/python/colcon_distutils_commands:/home/asad/turtlebot0/install/turtlebot_dqn/lib/python3.10/site-packages:${PYTHONPATH} /usr/bin/python3 -W ignore:setup.py install is deprecated -W ignore:easy_install command is deprecated setup.py egg_info --egg-base ../../build/turtlebot_dqn build --build-base /home/asad/turtlebot0/build/turtlebot_dqn/build install --record /home/asad/turtlebot0/build/turtlebot_dqn/install.log --single-version-externally-managed install_data
[4.541s] running egg_info
[4.546s] writing ../../build/turtlebot_dqn/turtlebot_dqn.egg-info/PKG-INFO
[4.546s] writing dependency_links to ../../build/turtlebot_dqn/turtlebot_dqn.egg-info/dependency_links.txt
[4.547s] writing entry points to ../../build/turtlebot_dqn/turtlebot_dqn.egg-info/entry_points.txt
[4.548s] writing requirements to ../../build/turtlebot_dqn/turtlebot_dqn.egg-info/requires.txt
[4.548s] writing top-level names to ../../build/turtlebot_dqn/turtlebot_dqn.egg-info/top_level.txt
[4.556s] reading manifest file '../../build/turtlebot_dqn/turtlebot_dqn.egg-info/SOURCES.txt'
[4.560s] writing manifest file '../../build/turtlebot_dqn/turtlebot_dqn.egg-info/SOURCES.txt'
[4.560s] running build
[4.561s] running build_py
[4.561s] copying turtlebot_dqn/dqn_node.py -> /home/asad/turtlebot0/build/turtlebot_dqn/build/lib/turtlebot_dqn
[4.563s] running install
[4.564s] running install_lib
[4.572s] copying /home/asad/turtlebot0/build/turtlebot_dqn/build/lib/turtlebot_dqn/dqn_node.py -> /home/asad/turtlebot0/install/turtlebot_dqn/lib/python3.10/site-packages/turtlebot_dqn
[4.576s] byte-compiling /home/asad/turtlebot0/install/turtlebot_dqn/lib/python3.10/site-packages/turtlebot_dqn/dqn_node.py to dqn_node.cpython-310.pyc
[4.593s] running install_data
[4.593s] running install_egg_info
[4.598s] removing '/home/asad/turtlebot0/install/turtlebot_dqn/lib/python3.10/site-packages/turtlebot_dqn-0.0.0-py3.10.egg-info' (and everything under it)
[4.600s] Copying ../../build/turtlebot_dqn/turtlebot_dqn.egg-info to /home/asad/turtlebot0/install/turtlebot_dqn/lib/python3.10/site-packages/turtlebot_dqn-0.0.0-py3.10.egg-info
[4.603s] running install_scripts
[4.687s] Installing My_testing_node.py script to /home/asad/turtlebot0/install/turtlebot_dqn/lib/turtlebot_dqn
[4.687s] Installing bumper_reset_node script to /home/asad/turtlebot0/install/turtlebot_dqn/lib/turtlebot_dqn
[4.688s] Installing custom_model script to /home/asad/turtlebot0/install/turtlebot_dqn/lib/turtlebot_dqn
[4.689s] Installing dqn_node script to /home/asad/turtlebot0/install/turtlebot_dqn/lib/turtlebot_dqn
[4.689s] Installing goal_publisher script to /home/asad/turtlebot0/install/turtlebot_dqn/lib/turtlebot_dqn
[4.690s] writing list of installed files to '/home/asad/turtlebot0/build/turtlebot_dqn/install.log'
[4.798s] Invoked command in '/home/asad/turtlebot0/src/turtlebot_dqn' returned '0': PYTHONPATH=/home/asad/turtlebot0/build/turtlebot_dqn/prefix_override:/usr/lib/python3/dist-packages/colcon_core/task/python/colcon_distutils_commands:/home/asad/turtlebot0/install/turtlebot_dqn/lib/python3.10/site-packages:${PYTHONPATH} /usr/bin/python3 -W ignore:setup.py install is deprecated -W ignore:easy_install command is deprecated setup.py egg_info --egg-base ../../build/turtlebot_dqn build --build-base /home/asad/turtlebot0/build/turtlebot_dqn/build install --record /home/asad/turtlebot0/build/turtlebot_dqn/install.log --single-version-externally-managed install_data
