[0.342s] DEBUG:colcon:Command line arguments: ['/usr/bin/colcon', 'build']
[0.343s] DEBUG:colcon:Parsed command line arguments: Namespace(log_base=None, log_level=None, verb_name='build', build_base='build', install_base='install', merge_install=False, symlink_install=False, test_result_base=None, continue_on_error=False, executor='parallel', parallel_workers=4, event_handlers=None, ignore_user_meta=False, metas=['./colcon.meta'], base_paths=['.'], packages_ignore=None, packages_ignore_regex=None, paths=None, packages_up_to=None, packages_up_to_regex=None, packages_above=None, packages_above_and_dependencies=None, packages_above_depth=None, packages_select_by_dep=None, packages_skip_by_dep=None, packages_skip_up_to=None, packages_select_build_failed=False, packages_skip_build_finished=False, packages_select_test_failures=False, packages_skip_test_passed=False, packages_select=None, packages_skip=None, packages_select_regex=None, packages_skip_regex=None, packages_start=None, packages_end=None, allow_overriding=[], cmake_args=None, cmake_target=None, cmake_target_skip_unavailable=False, cmake_clean_cache=False, cmake_clean_first=False, cmake_force_configure=False, ament_cmake_args=None, catkin_cmake_args=None, catkin_skip_building_tests=False, mixin_files=None, mixin=None, verb_parser=<colcon_mixin.mixin.mixin_argument.MixinArgumentDecorator object at 0x702a81a51c60>, verb_extension=<colcon_core.verb.build.BuildVerb object at 0x702a81a515d0>, main=<bound method BuildVerb.main of <colcon_core.verb.build.BuildVerb object at 0x702a81a515d0>>, mixin_verb=('build',))
[0.873s] Level 1:colcon.colcon_core.package_discovery:discover_packages(colcon_meta) check parameters
[0.874s] Level 1:colcon.colcon_core.package_discovery:discover_packages(recursive) check parameters
[0.874s] Level 1:colcon.colcon_core.package_discovery:discover_packages(ignore) check parameters
[0.874s] Level 1:colcon.colcon_core.package_discovery:discover_packages(path) check parameters
[0.874s] Level 1:colcon.colcon_core.package_discovery:discover_packages(colcon_meta) discover
[0.874s] Level 1:colcon.colcon_core.package_discovery:discover_packages(recursive) discover
[0.874s] INFO:colcon.colcon_core.package_discovery:Crawling recursively for packages in '/home/asad/turtlebot0'
[0.875s] Level 1:colcon.colcon_core.package_identification:_identify(.) by extensions ['ignore', 'ignore_ament_install']
[0.875s] Level 1:colcon.colcon_core.package_identification:_identify(.) by extension 'ignore'
[0.875s] Level 1:colcon.colcon_core.package_identification:_identify(.) by extension 'ignore_ament_install'
[0.875s] Level 1:colcon.colcon_core.package_identification:_identify(.) by extensions ['colcon_pkg']
[0.876s] Level 1:colcon.colcon_core.package_identification:_identify(.) by extension 'colcon_pkg'
[0.876s] Level 1:colcon.colcon_core.package_identification:_identify(.) by extensions ['colcon_meta']
[0.876s] Level 1:colcon.colcon_core.package_identification:_identify(.) by extension 'colcon_meta'
[0.876s] Level 1:colcon.colcon_core.package_identification:_identify(.) by extensions ['ros']
[0.876s] Level 1:colcon.colcon_core.package_identification:_identify(.) by extension 'ros'
[0.907s] Level 1:colcon.colcon_core.package_identification:_identify(.) by extensions ['cmake', 'python']
[0.907s] Level 1:colcon.colcon_core.package_identification:_identify(.) by extension 'cmake'
[0.907s] Level 1:colcon.colcon_core.package_identification:_identify(.) by extension 'python'
[0.908s] Level 1:colcon.colcon_core.package_identification:_identify(.) by extensions ['python_setup_py']
[0.908s] Level 1:colcon.colcon_core.package_identification:_identify(.) by extension 'python_setup_py'
[0.908s] Level 1:colcon.colcon_core.package_identification:_identify(build) by extensions ['ignore', 'ignore_ament_install']
[0.908s] Level 1:colcon.colcon_core.package_identification:_identify(build) by extension 'ignore'
[0.908s] Level 1:colcon.colcon_core.package_identification:_identify(build) ignored
[0.909s] Level 1:colcon.colcon_core.package_identification:_identify(install) by extensions ['ignore', 'ignore_ament_install']
[0.909s] Level 1:colcon.colcon_core.package_identification:_identify(install) by extension 'ignore'
[0.909s] Level 1:colcon.colcon_core.package_identification:_identify(install) ignored
[0.910s] Level 1:colcon.colcon_core.package_identification:_identify(log) by extensions ['ignore', 'ignore_ament_install']
[0.910s] Level 1:colcon.colcon_core.package_identification:_identify(log) by extension 'ignore'
[0.910s] Level 1:colcon.colcon_core.package_identification:_identify(log) ignored
[0.910s] Level 1:colcon.colcon_core.package_identification:_identify(src) by extensions ['ignore', 'ignore_ament_install']
[0.911s] Level 1:colcon.colcon_core.package_identification:_identify(src) by extension 'ignore'
[0.911s] Level 1:colcon.colcon_core.package_identification:_identify(src) by extension 'ignore_ament_install'
[0.911s] Level 1:colcon.colcon_core.package_identification:_identify(src) by extensions ['colcon_pkg']
[0.911s] Level 1:colcon.colcon_core.package_identification:_identify(src) by extension 'colcon_pkg'
[0.911s] Level 1:colcon.colcon_core.package_identification:_identify(src) by extensions ['colcon_meta']
[0.912s] Level 1:colcon.colcon_core.package_identification:_identify(src) by extension 'colcon_meta'
[0.912s] Level 1:colcon.colcon_core.package_identification:_identify(src) by extensions ['ros']
[0.912s] Level 1:colcon.colcon_core.package_identification:_identify(src) by extension 'ros'
[0.912s] Level 1:colcon.colcon_core.package_identification:_identify(src) by extensions ['cmake', 'python']
[0.912s] Level 1:colcon.colcon_core.package_identification:_identify(src) by extension 'cmake'
[0.912s] Level 1:colcon.colcon_core.package_identification:_identify(src) by extension 'python'
[0.913s] Level 1:colcon.colcon_core.package_identification:_identify(src) by extensions ['python_setup_py']
[0.913s] Level 1:colcon.colcon_core.package_identification:_identify(src) by extension 'python_setup_py'
[0.913s] Level 1:colcon.colcon_core.package_identification:_identify(src/turtlebot3_simulations) by extensions ['ignore', 'ignore_ament_install']
[0.913s] Level 1:colcon.colcon_core.package_identification:_identify(src/turtlebot3_simulations) by extension 'ignore'
[0.913s] Level 1:colcon.colcon_core.package_identification:_identify(src/turtlebot3_simulations) by extension 'ignore_ament_install'
[0.914s] Level 1:colcon.colcon_core.package_identification:_identify(src/turtlebot3_simulations) by extensions ['colcon_pkg']
[0.914s] Level 1:colcon.colcon_core.package_identification:_identify(src/turtlebot3_simulations) by extension 'colcon_pkg'
[0.914s] Level 1:colcon.colcon_core.package_identification:_identify(src/turtlebot3_simulations) by extensions ['colcon_meta']
[0.914s] Level 1:colcon.colcon_core.package_identification:_identify(src/turtlebot3_simulations) by extension 'colcon_meta'
[0.914s] Level 1:colcon.colcon_core.package_identification:_identify(src/turtlebot3_simulations) by extensions ['ros']
[0.914s] Level 1:colcon.colcon_core.package_identification:_identify(src/turtlebot3_simulations) by extension 'ros'
[0.915s] Level 1:colcon.colcon_core.package_identification:_identify(src/turtlebot3_simulations) by extensions ['cmake', 'python']
[0.915s] Level 1:colcon.colcon_core.package_identification:_identify(src/turtlebot3_simulations) by extension 'cmake'
[0.915s] Level 1:colcon.colcon_core.package_identification:_identify(src/turtlebot3_simulations) by extension 'python'
[0.915s] Level 1:colcon.colcon_core.package_identification:_identify(src/turtlebot3_simulations) by extensions ['python_setup_py']
[0.915s] Level 1:colcon.colcon_core.package_identification:_identify(src/turtlebot3_simulations) by extension 'python_setup_py'
[0.916s] Level 1:colcon.colcon_core.package_identification:_identify(src/turtlebot3_simulations/turtlebot3_fake_node) by extensions ['ignore', 'ignore_ament_install']
[0.916s] Level 1:colcon.colcon_core.package_identification:_identify(src/turtlebot3_simulations/turtlebot3_fake_node) by extension 'ignore'
[0.916s] Level 1:colcon.colcon_core.package_identification:_identify(src/turtlebot3_simulations/turtlebot3_fake_node) by extension 'ignore_ament_install'
[0.916s] Level 1:colcon.colcon_core.package_identification:_identify(src/turtlebot3_simulations/turtlebot3_fake_node) by extensions ['colcon_pkg']
[0.916s] Level 1:colcon.colcon_core.package_identification:_identify(src/turtlebot3_simulations/turtlebot3_fake_node) by extension 'colcon_pkg'
[0.917s] Level 1:colcon.colcon_core.package_identification:_identify(src/turtlebot3_simulations/turtlebot3_fake_node) by extensions ['colcon_meta']
[0.917s] Level 1:colcon.colcon_core.package_identification:_identify(src/turtlebot3_simulations/turtlebot3_fake_node) by extension 'colcon_meta'
[0.917s] Level 1:colcon.colcon_core.package_identification:_identify(src/turtlebot3_simulations/turtlebot3_fake_node) by extensions ['ros']
[0.917s] Level 1:colcon.colcon_core.package_identification:_identify(src/turtlebot3_simulations/turtlebot3_fake_node) by extension 'ros'
[0.925s] DEBUG:colcon.colcon_core.package_identification:Package 'src/turtlebot3_simulations/turtlebot3_fake_node' with type 'ros.ament_cmake' and name 'turtlebot3_fake_node'
[0.926s] Level 1:colcon.colcon_core.package_identification:_identify(src/turtlebot3_simulations/turtlebot3_gazebo) by extensions ['ignore', 'ignore_ament_install']
[0.926s] Level 1:colcon.colcon_core.package_identification:_identify(src/turtlebot3_simulations/turtlebot3_gazebo) by extension 'ignore'
[0.926s] Level 1:colcon.colcon_core.package_identification:_identify(src/turtlebot3_simulations/turtlebot3_gazebo) by extension 'ignore_ament_install'
[0.926s] Level 1:colcon.colcon_core.package_identification:_identify(src/turtlebot3_simulations/turtlebot3_gazebo) by extensions ['colcon_pkg']
[0.927s] Level 1:colcon.colcon_core.package_identification:_identify(src/turtlebot3_simulations/turtlebot3_gazebo) by extension 'colcon_pkg'
[0.927s] Level 1:colcon.colcon_core.package_identification:_identify(src/turtlebot3_simulations/turtlebot3_gazebo) by extensions ['colcon_meta']
[0.927s] Level 1:colcon.colcon_core.package_identification:_identify(src/turtlebot3_simulations/turtlebot3_gazebo) by extension 'colcon_meta'
[0.927s] Level 1:colcon.colcon_core.package_identification:_identify(src/turtlebot3_simulations/turtlebot3_gazebo) by extensions ['ros']
[0.927s] Level 1:colcon.colcon_core.package_identification:_identify(src/turtlebot3_simulations/turtlebot3_gazebo) by extension 'ros'
[0.932s] DEBUG:colcon.colcon_core.package_identification:Package 'src/turtlebot3_simulations/turtlebot3_gazebo' with type 'ros.ament_cmake' and name 'turtlebot3_gazebo'
[0.933s] Level 1:colcon.colcon_core.package_identification:_identify(src/turtlebot3_simulations/turtlebot3_simulations) by extensions ['ignore', 'ignore_ament_install']
[0.933s] Level 1:colcon.colcon_core.package_identification:_identify(src/turtlebot3_simulations/turtlebot3_simulations) by extension 'ignore'
[0.933s] Level 1:colcon.colcon_core.package_identification:_identify(src/turtlebot3_simulations/turtlebot3_simulations) by extension 'ignore_ament_install'
[0.933s] Level 1:colcon.colcon_core.package_identification:_identify(src/turtlebot3_simulations/turtlebot3_simulations) by extensions ['colcon_pkg']
[0.934s] Level 1:colcon.colcon_core.package_identification:_identify(src/turtlebot3_simulations/turtlebot3_simulations) by extension 'colcon_pkg'
[0.934s] Level 1:colcon.colcon_core.package_identification:_identify(src/turtlebot3_simulations/turtlebot3_simulations) by extensions ['colcon_meta']
[0.934s] Level 1:colcon.colcon_core.package_identification:_identify(src/turtlebot3_simulations/turtlebot3_simulations) by extension 'colcon_meta'
[0.934s] Level 1:colcon.colcon_core.package_identification:_identify(src/turtlebot3_simulations/turtlebot3_simulations) by extensions ['ros']
[0.934s] Level 1:colcon.colcon_core.package_identification:_identify(src/turtlebot3_simulations/turtlebot3_simulations) by extension 'ros'
[0.937s] DEBUG:colcon.colcon_core.package_identification:Package 'src/turtlebot3_simulations/turtlebot3_simulations' with type 'ros.ament_cmake' and name 'turtlebot3_simulations'
[0.937s] Level 1:colcon.colcon_core.package_identification:_identify(src/turtlebot_dqn) by extensions ['ignore', 'ignore_ament_install']
[0.938s] Level 1:colcon.colcon_core.package_identification:_identify(src/turtlebot_dqn) by extension 'ignore'
[0.938s] Level 1:colcon.colcon_core.package_identification:_identify(src/turtlebot_dqn) by extension 'ignore_ament_install'
[0.938s] Level 1:colcon.colcon_core.package_identification:_identify(src/turtlebot_dqn) by extensions ['colcon_pkg']
[0.938s] Level 1:colcon.colcon_core.package_identification:_identify(src/turtlebot_dqn) by extension 'colcon_pkg'
[0.938s] Level 1:colcon.colcon_core.package_identification:_identify(src/turtlebot_dqn) by extensions ['colcon_meta']
[0.939s] Level 1:colcon.colcon_core.package_identification:_identify(src/turtlebot_dqn) by extension 'colcon_meta'
[0.939s] Level 1:colcon.colcon_core.package_identification:_identify(src/turtlebot_dqn) by extensions ['ros']
[0.939s] Level 1:colcon.colcon_core.package_identification:_identify(src/turtlebot_dqn) by extension 'ros'
[0.943s] DEBUG:colcon.colcon_core.package_identification:Package 'src/turtlebot_dqn' with type 'ros.ament_python' and name 'turtlebot_dqn'
[0.943s] Level 1:colcon.colcon_core.package_discovery:discover_packages(recursive) using defaults
[0.943s] Level 1:colcon.colcon_core.package_discovery:discover_packages(ignore) discover
[0.943s] Level 1:colcon.colcon_core.package_discovery:discover_packages(ignore) using defaults
[0.943s] Level 1:colcon.colcon_core.package_discovery:discover_packages(path) discover
[0.944s] Level 1:colcon.colcon_core.package_discovery:discover_packages(path) using defaults
[1.048s] Level 1:colcon.colcon_core.package_discovery:discover_packages(prefix_path) check parameters
[1.049s] Level 1:colcon.colcon_core.package_discovery:discover_packages(prefix_path) discover
[1.057s] DEBUG:colcon.colcon_installed_package_information.package_discovery:Found 4 installed packages in /home/asad/turtlebot0/install
[1.064s] DEBUG:colcon.colcon_installed_package_information.package_discovery:Found 400 installed packages in /opt/ros/humble
[1.074s] Level 1:colcon.colcon_core.package_discovery:discover_packages(prefix_path) using defaults
[1.293s] Level 5:colcon.colcon_core.verb:set package 'turtlebot3_fake_node' build argument 'cmake_args' from command line to 'None'
[1.293s] Level 5:colcon.colcon_core.verb:set package 'turtlebot3_fake_node' build argument 'cmake_target' from command line to 'None'
[1.293s] Level 5:colcon.colcon_core.verb:set package 'turtlebot3_fake_node' build argument 'cmake_target_skip_unavailable' from command line to 'False'
[1.293s] Level 5:colcon.colcon_core.verb:set package 'turtlebot3_fake_node' build argument 'cmake_clean_cache' from command line to 'False'
[1.294s] Level 5:colcon.colcon_core.verb:set package 'turtlebot3_fake_node' build argument 'cmake_clean_first' from command line to 'False'
[1.294s] Level 5:colcon.colcon_core.verb:set package 'turtlebot3_fake_node' build argument 'cmake_force_configure' from command line to 'False'
[1.294s] Level 5:colcon.colcon_core.verb:set package 'turtlebot3_fake_node' build argument 'ament_cmake_args' from command line to 'None'
[1.294s] Level 5:colcon.colcon_core.verb:set package 'turtlebot3_fake_node' build argument 'catkin_cmake_args' from command line to 'None'
[1.294s] Level 5:colcon.colcon_core.verb:set package 'turtlebot3_fake_node' build argument 'catkin_skip_building_tests' from command line to 'False'
[1.294s] DEBUG:colcon.colcon_core.verb:Building package 'turtlebot3_fake_node' with the following arguments: {'ament_cmake_args': None, 'build_base': '/home/asad/turtlebot0/build/turtlebot3_fake_node', 'catkin_cmake_args': None, 'catkin_skip_building_tests': False, 'cmake_args': None, 'cmake_clean_cache': False, 'cmake_clean_first': False, 'cmake_force_configure': False, 'cmake_target': None, 'cmake_target_skip_unavailable': False, 'install_base': '/home/asad/turtlebot0/install/turtlebot3_fake_node', 'merge_install': False, 'path': '/home/asad/turtlebot0/src/turtlebot3_simulations/turtlebot3_fake_node', 'symlink_install': False, 'test_result_base': None}
[1.297s] Level 5:colcon.colcon_core.verb:set package 'turtlebot3_gazebo' build argument 'cmake_args' from command line to 'None'
[1.297s] Level 5:colcon.colcon_core.verb:set package 'turtlebot3_gazebo' build argument 'cmake_target' from command line to 'None'
[1.297s] Level 5:colcon.colcon_core.verb:set package 'turtlebot3_gazebo' build argument 'cmake_target_skip_unavailable' from command line to 'False'
[1.297s] Level 5:colcon.colcon_core.verb:set package 'turtlebot3_gazebo' build argument 'cmake_clean_cache' from command line to 'False'
[1.297s] Level 5:colcon.colcon_core.verb:set package 'turtlebot3_gazebo' build argument 'cmake_clean_first' from command line to 'False'
[1.298s] Level 5:colcon.colcon_core.verb:set package 'turtlebot3_gazebo' build argument 'cmake_force_configure' from command line to 'False'
[1.298s] Level 5:colcon.colcon_core.verb:set package 'turtlebot3_gazebo' build argument 'ament_cmake_args' from command line to 'None'
[1.298s] Level 5:colcon.colcon_core.verb:set package 'turtlebot3_gazebo' build argument 'catkin_cmake_args' from command line to 'None'
[1.298s] Level 5:colcon.colcon_core.verb:set package 'turtlebot3_gazebo' build argument 'catkin_skip_building_tests' from command line to 'False'
[1.298s] DEBUG:colcon.colcon_core.verb:Building package 'turtlebot3_gazebo' with the following arguments: {'ament_cmake_args': None, 'build_base': '/home/asad/turtlebot0/build/turtlebot3_gazebo', 'catkin_cmake_args': None, 'catkin_skip_building_tests': False, 'cmake_args': None, 'cmake_clean_cache': False, 'cmake_clean_first': False, 'cmake_force_configure': False, 'cmake_target': None, 'cmake_target_skip_unavailable': False, 'install_base': '/home/asad/turtlebot0/install/turtlebot3_gazebo', 'merge_install': False, 'path': '/home/asad/turtlebot0/src/turtlebot3_simulations/turtlebot3_gazebo', 'symlink_install': False, 'test_result_base': None}
[1.299s] Level 5:colcon.colcon_core.verb:set package 'turtlebot_dqn' build argument 'cmake_args' from command line to 'None'
[1.300s] Level 5:colcon.colcon_core.verb:set package 'turtlebot_dqn' build argument 'cmake_target' from command line to 'None'
[1.300s] Level 5:colcon.colcon_core.verb:set package 'turtlebot_dqn' build argument 'cmake_target_skip_unavailable' from command line to 'False'
[1.300s] Level 5:colcon.colcon_core.verb:set package 'turtlebot_dqn' build argument 'cmake_clean_cache' from command line to 'False'
[1.301s] Level 5:colcon.colcon_core.verb:set package 'turtlebot_dqn' build argument 'cmake_clean_first' from command line to 'False'
[1.301s] Level 5:colcon.colcon_core.verb:set package 'turtlebot_dqn' build argument 'cmake_force_configure' from command line to 'False'
[1.301s] Level 5:colcon.colcon_core.verb:set package 'turtlebot_dqn' build argument 'ament_cmake_args' from command line to 'None'
[1.301s] Level 5:colcon.colcon_core.verb:set package 'turtlebot_dqn' build argument 'catkin_cmake_args' from command line to 'None'
[1.301s] Level 5:colcon.colcon_core.verb:set package 'turtlebot_dqn' build argument 'catkin_skip_building_tests' from command line to 'False'
[1.301s] DEBUG:colcon.colcon_core.verb:Building package 'turtlebot_dqn' with the following arguments: {'ament_cmake_args': None, 'build_base': '/home/asad/turtlebot0/build/turtlebot_dqn', 'catkin_cmake_args': None, 'catkin_skip_building_tests': False, 'cmake_args': None, 'cmake_clean_cache': False, 'cmake_clean_first': False, 'cmake_force_configure': False, 'cmake_target': None, 'cmake_target_skip_unavailable': False, 'install_base': '/home/asad/turtlebot0/install/turtlebot_dqn', 'merge_install': False, 'path': '/home/asad/turtlebot0/src/turtlebot_dqn', 'symlink_install': False, 'test_result_base': None}
[1.303s] Level 5:colcon.colcon_core.verb:set package 'turtlebot3_simulations' build argument 'cmake_args' from command line to 'None'
[1.303s] Level 5:colcon.colcon_core.verb:set package 'turtlebot3_simulations' build argument 'cmake_target' from command line to 'None'
[1.303s] Level 5:colcon.colcon_core.verb:set package 'turtlebot3_simulations' build argument 'cmake_target_skip_unavailable' from command line to 'False'
[1.303s] Level 5:colcon.colcon_core.verb:set package 'turtlebot3_simulations' build argument 'cmake_clean_cache' from command line to 'False'
[1.304s] Level 5:colcon.colcon_core.verb:set package 'turtlebot3_simulations' build argument 'cmake_clean_first' from command line to 'False'
[1.304s] Level 5:colcon.colcon_core.verb:set package 'turtlebot3_simulations' build argument 'cmake_force_configure' from command line to 'False'
[1.304s] Level 5:colcon.colcon_core.verb:set package 'turtlebot3_simulations' build argument 'ament_cmake_args' from command line to 'None'
[1.304s] Level 5:colcon.colcon_core.verb:set package 'turtlebot3_simulations' build argument 'catkin_cmake_args' from command line to 'None'
[1.304s] Level 5:colcon.colcon_core.verb:set package 'turtlebot3_simulations' build argument 'catkin_skip_building_tests' from command line to 'False'
[1.304s] DEBUG:colcon.colcon_core.verb:Building package 'turtlebot3_simulations' with the following arguments: {'ament_cmake_args': None, 'build_base': '/home/asad/turtlebot0/build/turtlebot3_simulations', 'catkin_cmake_args': None, 'catkin_skip_building_tests': False, 'cmake_args': None, 'cmake_clean_cache': False, 'cmake_clean_first': False, 'cmake_force_configure': False, 'cmake_target': None, 'cmake_target_skip_unavailable': False, 'install_base': '/home/asad/turtlebot0/install/turtlebot3_simulations', 'merge_install': False, 'path': '/home/asad/turtlebot0/src/turtlebot3_simulations/turtlebot3_simulations', 'symlink_install': False, 'test_result_base': None}
[1.305s] INFO:colcon.colcon_core.executor:Executing jobs using 'parallel' executor
[1.311s] DEBUG:colcon.colcon_parallel_executor.executor.parallel:run_until_complete
[1.313s] INFO:colcon.colcon_ros.task.ament_cmake.build:Building ROS package in '/home/asad/turtlebot0/src/turtlebot3_simulations/turtlebot3_fake_node' with build type 'ament_cmake'
[1.314s] INFO:colcon.colcon_cmake.task.cmake.build:Building CMake package in '/home/asad/turtlebot0/src/turtlebot3_simulations/turtlebot3_fake_node'
[1.328s] INFO:colcon.colcon_core.plugin_system:Skipping extension 'colcon_core.shell.bat': Not used on non-Windows systems
[1.329s] INFO:colcon.colcon_core.shell:Skip shell extension 'powershell' for command environment: Not usable outside of PowerShell
[1.331s] DEBUG:colcon.colcon_core.shell:Skip shell extension 'dsv' for command environment
[1.363s] INFO:colcon.colcon_ros.task.ament_cmake.build:Building ROS package in '/home/asad/turtlebot0/src/turtlebot3_simulations/turtlebot3_gazebo' with build type 'ament_cmake'
[1.363s] INFO:colcon.colcon_cmake.task.cmake.build:Building CMake package in '/home/asad/turtlebot0/src/turtlebot3_simulations/turtlebot3_gazebo'
[1.365s] INFO:colcon.colcon_core.shell:Skip shell extension 'powershell' for command environment: Not usable outside of PowerShell
[1.372s] DEBUG:colcon.colcon_core.shell:Skip shell extension 'dsv' for command environment
[1.402s] INFO:colcon.colcon_ros.task.ament_python.build:Building ROS package in '/home/asad/turtlebot0/src/turtlebot_dqn' with build type 'ament_python'
[1.404s] Level 1:colcon.colcon_core.shell:create_environment_hook('turtlebot_dqn', 'ament_prefix_path')
[1.406s] INFO:colcon.colcon_core.shell:Creating environment hook '/home/asad/turtlebot0/install/turtlebot_dqn/share/turtlebot_dqn/hook/ament_prefix_path.ps1'
[1.412s] INFO:colcon.colcon_core.shell:Creating environment descriptor '/home/asad/turtlebot0/install/turtlebot_dqn/share/turtlebot_dqn/hook/ament_prefix_path.dsv'
[1.424s] INFO:colcon.colcon_core.shell:Creating environment hook '/home/asad/turtlebot0/install/turtlebot_dqn/share/turtlebot_dqn/hook/ament_prefix_path.sh'
[1.434s] INFO:colcon.colcon_core.shell:Skip shell extension 'powershell' for command environment: Not usable outside of PowerShell
[1.434s] DEBUG:colcon.colcon_core.shell:Skip shell extension 'dsv' for command environment
[1.490s] DEBUG:colcon.colcon_core.event_handler.log_command:Invoking command in '/home/asad/turtlebot0/build/turtlebot3_fake_node': CMAKE_PREFIX_PATH=${CMAKE_PREFIX_PATH}:/home/asad/turtlebot0/install/turtlebot_dqn:/opt/ros/humble /usr/bin/cmake --build /home/asad/turtlebot0/build/turtlebot3_fake_node -- -j4 -l4
[1.515s] DEBUG:colcon.colcon_core.event_handler.log_command:Invoking command in '/home/asad/turtlebot0/build/turtlebot3_gazebo': CMAKE_PREFIX_PATH=${CMAKE_PREFIX_PATH}:/home/asad/turtlebot0/install/turtlebot_dqn:/opt/ros/humble /usr/bin/cmake --build /home/asad/turtlebot0/build/turtlebot3_gazebo -- -j4 -l4
[3.075s] INFO:colcon.colcon_core.task.python.build:Building Python package in '/home/asad/turtlebot0/src/turtlebot_dqn'
[3.075s] INFO:colcon.colcon_core.shell:Skip shell extension 'powershell' for command environment: Not usable outside of PowerShell
[3.076s] DEBUG:colcon.colcon_core.shell:Skip shell extension 'dsv' for command environment
[3.098s] DEBUG:colcon.colcon_core.event_handler.log_command:Invoked command in '/home/asad/turtlebot0/build/turtlebot3_fake_node' returned '0': CMAKE_PREFIX_PATH=${CMAKE_PREFIX_PATH}:/home/asad/turtlebot0/install/turtlebot_dqn:/opt/ros/humble /usr/bin/cmake --build /home/asad/turtlebot0/build/turtlebot3_fake_node -- -j4 -l4
[3.124s] DEBUG:colcon.colcon_core.event_handler.log_command:Invoking command in '/home/asad/turtlebot0/build/turtlebot3_fake_node': CMAKE_PREFIX_PATH=${CMAKE_PREFIX_PATH}:/home/asad/turtlebot0/install/turtlebot_dqn:/opt/ros/humble /usr/bin/cmake --install /home/asad/turtlebot0/build/turtlebot3_fake_node
[3.131s] DEBUG:colcon.colcon_core.event_handler.log_command:Invoked command in '/home/asad/turtlebot0/build/turtlebot3_gazebo' returned '0': CMAKE_PREFIX_PATH=${CMAKE_PREFIX_PATH}:/home/asad/turtlebot0/install/turtlebot_dqn:/opt/ros/humble /usr/bin/cmake --build /home/asad/turtlebot0/build/turtlebot3_gazebo -- -j4 -l4
[3.141s] DEBUG:colcon.colcon_core.event_handler.log_command:Invoking command in '/home/asad/turtlebot0/build/turtlebot3_gazebo': CMAKE_PREFIX_PATH=${CMAKE_PREFIX_PATH}:/home/asad/turtlebot0/install/turtlebot_dqn:/opt/ros/humble /usr/bin/cmake --install /home/asad/turtlebot0/build/turtlebot3_gazebo
[3.167s] Level 1:colcon.colcon_core.environment:create_environment_scripts_only(turtlebot3_fake_node)
[3.176s] Level 1:colcon.colcon_core.environment:checking '/home/asad/turtlebot0/install/turtlebot3_fake_node' for CMake module files
[3.185s] Level 1:colcon.colcon_core.environment:checking '/home/asad/turtlebot0/install/turtlebot3_fake_node' for CMake config files
[3.186s] Level 1:colcon.colcon_core.shell:create_environment_hook('turtlebot3_fake_node', 'cmake_prefix_path')
[3.187s] INFO:colcon.colcon_core.shell:Creating environment hook '/home/asad/turtlebot0/install/turtlebot3_fake_node/share/turtlebot3_fake_node/hook/cmake_prefix_path.ps1'
[3.194s] INFO:colcon.colcon_core.shell:Creating environment descriptor '/home/asad/turtlebot0/install/turtlebot3_fake_node/share/turtlebot3_fake_node/hook/cmake_prefix_path.dsv'
[3.195s] INFO:colcon.colcon_core.shell:Creating environment hook '/home/asad/turtlebot0/install/turtlebot3_fake_node/share/turtlebot3_fake_node/hook/cmake_prefix_path.sh'
[3.196s] DEBUG:colcon.colcon_core.event_handler.log_command:Invoked command in '/home/asad/turtlebot0/build/turtlebot3_fake_node' returned '0': CMAKE_PREFIX_PATH=${CMAKE_PREFIX_PATH}:/home/asad/turtlebot0/install/turtlebot_dqn:/opt/ros/humble /usr/bin/cmake --install /home/asad/turtlebot0/build/turtlebot3_fake_node
[3.206s] Level 1:colcon.colcon_core.environment:checking '/home/asad/turtlebot0/install/turtlebot3_fake_node/lib'
[3.207s] Level 1:colcon.colcon_core.environment:checking '/home/asad/turtlebot0/install/turtlebot3_fake_node/bin'
[3.207s] Level 1:colcon.colcon_core.environment:checking '/home/asad/turtlebot0/install/turtlebot3_fake_node/lib/pkgconfig/turtlebot3_fake_node.pc'
[3.208s] Level 1:colcon.colcon_core.environment:checking '/home/asad/turtlebot0/install/turtlebot3_fake_node/lib/python3.10/site-packages'
[3.212s] Level 1:colcon.colcon_core.environment:checking '/home/asad/turtlebot0/install/turtlebot3_fake_node/bin'
[3.213s] INFO:colcon.colcon_core.shell:Creating package script '/home/asad/turtlebot0/install/turtlebot3_fake_node/share/turtlebot3_fake_node/package.ps1'
[3.223s] INFO:colcon.colcon_core.shell:Creating package descriptor '/home/asad/turtlebot0/install/turtlebot3_fake_node/share/turtlebot3_fake_node/package.dsv'
[3.227s] INFO:colcon.colcon_core.shell:Creating package script '/home/asad/turtlebot0/install/turtlebot3_fake_node/share/turtlebot3_fake_node/package.sh'
[3.233s] INFO:colcon.colcon_core.shell:Creating package script '/home/asad/turtlebot0/install/turtlebot3_fake_node/share/turtlebot3_fake_node/package.bash'
[3.241s] INFO:colcon.colcon_core.shell:Creating package script '/home/asad/turtlebot0/install/turtlebot3_fake_node/share/turtlebot3_fake_node/package.zsh'
[3.248s] Level 1:colcon.colcon_core.environment:create_file_with_runtime_dependencies(/home/asad/turtlebot0/install/turtlebot3_fake_node/share/colcon-core/packages/turtlebot3_fake_node)
[3.252s] Level 1:colcon.colcon_core.environment:create_environment_scripts_only(turtlebot3_fake_node)
[3.253s] Level 1:colcon.colcon_core.environment:checking '/home/asad/turtlebot0/install/turtlebot3_fake_node' for CMake module files
[3.255s] Level 1:colcon.colcon_core.environment:checking '/home/asad/turtlebot0/install/turtlebot3_fake_node' for CMake config files
[3.259s] Level 1:colcon.colcon_core.shell:create_environment_hook('turtlebot3_fake_node', 'cmake_prefix_path')
[3.265s] INFO:colcon.colcon_core.shell:Creating environment hook '/home/asad/turtlebot0/install/turtlebot3_fake_node/share/turtlebot3_fake_node/hook/cmake_prefix_path.ps1'
[3.266s] INFO:colcon.colcon_core.shell:Creating environment descriptor '/home/asad/turtlebot0/install/turtlebot3_fake_node/share/turtlebot3_fake_node/hook/cmake_prefix_path.dsv'
[3.271s] INFO:colcon.colcon_core.shell:Creating environment hook '/home/asad/turtlebot0/install/turtlebot3_fake_node/share/turtlebot3_fake_node/hook/cmake_prefix_path.sh'
[3.275s] Level 1:colcon.colcon_core.environment:checking '/home/asad/turtlebot0/install/turtlebot3_fake_node/lib'
[3.275s] Level 1:colcon.colcon_core.environment:checking '/home/asad/turtlebot0/install/turtlebot3_fake_node/bin'
[3.275s] Level 1:colcon.colcon_core.environment:checking '/home/asad/turtlebot0/install/turtlebot3_fake_node/lib/pkgconfig/turtlebot3_fake_node.pc'
[3.276s] Level 1:colcon.colcon_core.environment:checking '/home/asad/turtlebot0/install/turtlebot3_fake_node/lib/python3.10/site-packages'
[3.277s] Level 1:colcon.colcon_core.environment:checking '/home/asad/turtlebot0/install/turtlebot3_fake_node/bin'
[3.278s] INFO:colcon.colcon_core.shell:Creating package script '/home/asad/turtlebot0/install/turtlebot3_fake_node/share/turtlebot3_fake_node/package.ps1'
[3.281s] INFO:colcon.colcon_core.shell:Creating package descriptor '/home/asad/turtlebot0/install/turtlebot3_fake_node/share/turtlebot3_fake_node/package.dsv'
[3.283s] INFO:colcon.colcon_core.shell:Creating package script '/home/asad/turtlebot0/install/turtlebot3_fake_node/share/turtlebot3_fake_node/package.sh'
[3.285s] INFO:colcon.colcon_core.shell:Creating package script '/home/asad/turtlebot0/install/turtlebot3_fake_node/share/turtlebot3_fake_node/package.bash'
[3.286s] INFO:colcon.colcon_core.shell:Creating package script '/home/asad/turtlebot0/install/turtlebot3_fake_node/share/turtlebot3_fake_node/package.zsh'
[3.288s] Level 1:colcon.colcon_core.environment:create_file_with_runtime_dependencies(/home/asad/turtlebot0/install/turtlebot3_fake_node/share/colcon-core/packages/turtlebot3_fake_node)
[3.291s] Level 1:colcon.colcon_core.environment:create_environment_scripts_only(turtlebot3_gazebo)
[3.292s] Level 1:colcon.colcon_core.environment:checking '/home/asad/turtlebot0/install/turtlebot3_gazebo' for CMake module files
[3.295s] DEBUG:colcon.colcon_core.event_handler.log_command:Invoked command in '/home/asad/turtlebot0/build/turtlebot3_gazebo' returned '0': CMAKE_PREFIX_PATH=${CMAKE_PREFIX_PATH}:/home/asad/turtlebot0/install/turtlebot_dqn:/opt/ros/humble /usr/bin/cmake --install /home/asad/turtlebot0/build/turtlebot3_gazebo
[3.297s] Level 1:colcon.colcon_core.environment:checking '/home/asad/turtlebot0/install/turtlebot3_gazebo' for CMake config files
[3.299s] Level 1:colcon.colcon_core.shell:create_environment_hook('turtlebot3_gazebo', 'cmake_prefix_path')
[3.300s] INFO:colcon.colcon_core.shell:Creating environment hook '/home/asad/turtlebot0/install/turtlebot3_gazebo/share/turtlebot3_gazebo/hook/cmake_prefix_path.ps1'
[3.302s] INFO:colcon.colcon_core.shell:Creating environment descriptor '/home/asad/turtlebot0/install/turtlebot3_gazebo/share/turtlebot3_gazebo/hook/cmake_prefix_path.dsv'
[3.303s] INFO:colcon.colcon_core.shell:Creating environment hook '/home/asad/turtlebot0/install/turtlebot3_gazebo/share/turtlebot3_gazebo/hook/cmake_prefix_path.sh'
[3.308s] Level 1:colcon.colcon_core.environment:checking '/home/asad/turtlebot0/install/turtlebot3_gazebo/lib'
[3.308s] Level 1:colcon.colcon_core.environment:checking '/home/asad/turtlebot0/install/turtlebot3_gazebo/bin'
[3.308s] Level 1:colcon.colcon_core.environment:checking '/home/asad/turtlebot0/install/turtlebot3_gazebo/lib/pkgconfig/turtlebot3_gazebo.pc'
[3.310s] Level 1:colcon.colcon_core.environment:checking '/home/asad/turtlebot0/install/turtlebot3_gazebo/lib/python3.10/site-packages'
[3.314s] Level 1:colcon.colcon_core.environment:checking '/home/asad/turtlebot0/install/turtlebot3_gazebo/bin'
[3.315s] INFO:colcon.colcon_core.shell:Creating package script '/home/asad/turtlebot0/install/turtlebot3_gazebo/share/turtlebot3_gazebo/package.ps1'
[3.322s] INFO:colcon.colcon_core.shell:Creating package descriptor '/home/asad/turtlebot0/install/turtlebot3_gazebo/share/turtlebot3_gazebo/package.dsv'
[3.323s] INFO:colcon.colcon_core.shell:Creating package script '/home/asad/turtlebot0/install/turtlebot3_gazebo/share/turtlebot3_gazebo/package.sh'
[3.325s] INFO:colcon.colcon_core.shell:Creating package script '/home/asad/turtlebot0/install/turtlebot3_gazebo/share/turtlebot3_gazebo/package.bash'
[3.329s] INFO:colcon.colcon_core.shell:Creating package script '/home/asad/turtlebot0/install/turtlebot3_gazebo/share/turtlebot3_gazebo/package.zsh'
[3.330s] Level 1:colcon.colcon_core.environment:create_file_with_runtime_dependencies(/home/asad/turtlebot0/install/turtlebot3_gazebo/share/colcon-core/packages/turtlebot3_gazebo)
[3.332s] Level 1:colcon.colcon_core.environment:create_environment_scripts_only(turtlebot3_gazebo)
[3.334s] Level 1:colcon.colcon_core.environment:checking '/home/asad/turtlebot0/install/turtlebot3_gazebo' for CMake module files
[3.338s] Level 1:colcon.colcon_core.environment:checking '/home/asad/turtlebot0/install/turtlebot3_gazebo' for CMake config files
[3.339s] Level 1:colcon.colcon_core.shell:create_environment_hook('turtlebot3_gazebo', 'cmake_prefix_path')
[3.339s] INFO:colcon.colcon_core.shell:Creating environment hook '/home/asad/turtlebot0/install/turtlebot3_gazebo/share/turtlebot3_gazebo/hook/cmake_prefix_path.ps1'
[3.341s] INFO:colcon.colcon_core.shell:Creating environment descriptor '/home/asad/turtlebot0/install/turtlebot3_gazebo/share/turtlebot3_gazebo/hook/cmake_prefix_path.dsv'
[3.342s] INFO:colcon.colcon_core.shell:Creating environment hook '/home/asad/turtlebot0/install/turtlebot3_gazebo/share/turtlebot3_gazebo/hook/cmake_prefix_path.sh'
[3.345s] Level 1:colcon.colcon_core.environment:checking '/home/asad/turtlebot0/install/turtlebot3_gazebo/lib'
[3.345s] Level 1:colcon.colcon_core.environment:checking '/home/asad/turtlebot0/install/turtlebot3_gazebo/bin'
[3.346s] Level 1:colcon.colcon_core.environment:checking '/home/asad/turtlebot0/install/turtlebot3_gazebo/lib/pkgconfig/turtlebot3_gazebo.pc'
[3.347s] Level 1:colcon.colcon_core.environment:checking '/home/asad/turtlebot0/install/turtlebot3_gazebo/lib/python3.10/site-packages'
[3.347s] Level 1:colcon.colcon_core.environment:checking '/home/asad/turtlebot0/install/turtlebot3_gazebo/bin'
[3.348s] INFO:colcon.colcon_core.shell:Creating package script '/home/asad/turtlebot0/install/turtlebot3_gazebo/share/turtlebot3_gazebo/package.ps1'
[3.352s] INFO:colcon.colcon_core.shell:Creating package descriptor '/home/asad/turtlebot0/install/turtlebot3_gazebo/share/turtlebot3_gazebo/package.dsv'
[3.355s] INFO:colcon.colcon_core.shell:Creating package script '/home/asad/turtlebot0/install/turtlebot3_gazebo/share/turtlebot3_gazebo/package.sh'
[3.356s] INFO:colcon.colcon_core.shell:Creating package script '/home/asad/turtlebot0/install/turtlebot3_gazebo/share/turtlebot3_gazebo/package.bash'
[3.357s] INFO:colcon.colcon_core.shell:Creating package script '/home/asad/turtlebot0/install/turtlebot3_gazebo/share/turtlebot3_gazebo/package.zsh'
[3.359s] Level 1:colcon.colcon_core.environment:create_file_with_runtime_dependencies(/home/asad/turtlebot0/install/turtlebot3_gazebo/share/colcon-core/packages/turtlebot3_gazebo)
[3.360s] INFO:colcon.colcon_ros.task.ament_cmake.build:Building ROS package in '/home/asad/turtlebot0/src/turtlebot3_simulations/turtlebot3_simulations' with build type 'ament_cmake'
[3.360s] INFO:colcon.colcon_cmake.task.cmake.build:Building CMake package in '/home/asad/turtlebot0/src/turtlebot3_simulations/turtlebot3_simulations'
[3.364s] INFO:colcon.colcon_core.shell:Skip shell extension 'powershell' for command environment: Not usable outside of PowerShell
[3.364s] DEBUG:colcon.colcon_core.shell:Skip shell extension 'dsv' for command environment
[3.419s] DEBUG:colcon.colcon_core.event_handler.log_command:Invoking command in '/home/asad/turtlebot0/build/turtlebot3_simulations': CMAKE_PREFIX_PATH=/home/asad/turtlebot0/install/turtlebot3_gazebo:/home/asad/turtlebot0/install/turtlebot3_fake_node:/home/asad/turtlebot0/install/turtlebot3_simulations:/home/asad/turtlebot0/install/turtlebot_dqn:/opt/ros/humble /usr/bin/cmake --build /home/asad/turtlebot0/build/turtlebot3_simulations -- -j4 -l4
[3.597s] DEBUG:colcon.colcon_core.event_handler.log_command:Invoked command in '/home/asad/turtlebot0/build/turtlebot3_simulations' returned '0': CMAKE_PREFIX_PATH=/home/asad/turtlebot0/install/turtlebot3_gazebo:/home/asad/turtlebot0/install/turtlebot3_fake_node:/home/asad/turtlebot0/install/turtlebot3_simulations:/home/asad/turtlebot0/install/turtlebot_dqn:/opt/ros/humble /usr/bin/cmake --build /home/asad/turtlebot0/build/turtlebot3_simulations -- -j4 -l4
[3.603s] DEBUG:colcon.colcon_core.event_handler.log_command:Invoking command in '/home/asad/turtlebot0/build/turtlebot3_simulations': CMAKE_PREFIX_PATH=/home/asad/turtlebot0/install/turtlebot3_gazebo:/home/asad/turtlebot0/install/turtlebot3_fake_node:/home/asad/turtlebot0/install/turtlebot3_simulations:/home/asad/turtlebot0/install/turtlebot_dqn:/opt/ros/humble /usr/bin/cmake --install /home/asad/turtlebot0/build/turtlebot3_simulations
[3.676s] Level 1:colcon.colcon_core.environment:create_environment_scripts_only(turtlebot3_simulations)
[3.678s] Level 1:colcon.colcon_core.environment:checking '/home/asad/turtlebot0/install/turtlebot3_simulations' for CMake module files
[3.677s] DEBUG:colcon.colcon_core.event_handler.log_command:Invoked command in '/home/asad/turtlebot0/build/turtlebot3_simulations' returned '0': CMAKE_PREFIX_PATH=/home/asad/turtlebot0/install/turtlebot3_gazebo:/home/asad/turtlebot0/install/turtlebot3_fake_node:/home/asad/turtlebot0/install/turtlebot3_simulations:/home/asad/turtlebot0/install/turtlebot_dqn:/opt/ros/humble /usr/bin/cmake --install /home/asad/turtlebot0/build/turtlebot3_simulations
[3.682s] Level 1:colcon.colcon_core.environment:checking '/home/asad/turtlebot0/install/turtlebot3_simulations' for CMake config files
[3.684s] Level 1:colcon.colcon_core.shell:create_environment_hook('turtlebot3_simulations', 'cmake_prefix_path')
[3.687s] INFO:colcon.colcon_core.shell:Creating environment hook '/home/asad/turtlebot0/install/turtlebot3_simulations/share/turtlebot3_simulations/hook/cmake_prefix_path.ps1'
[3.692s] INFO:colcon.colcon_core.shell:Creating environment descriptor '/home/asad/turtlebot0/install/turtlebot3_simulations/share/turtlebot3_simulations/hook/cmake_prefix_path.dsv'
[3.693s] INFO:colcon.colcon_core.shell:Creating environment hook '/home/asad/turtlebot0/install/turtlebot3_simulations/share/turtlebot3_simulations/hook/cmake_prefix_path.sh'
[3.695s] Level 1:colcon.colcon_core.environment:checking '/home/asad/turtlebot0/install/turtlebot3_simulations/bin'
[3.696s] Level 1:colcon.colcon_core.environment:checking '/home/asad/turtlebot0/install/turtlebot3_simulations/lib/pkgconfig/turtlebot3_simulations.pc'
[3.697s] Level 1:colcon.colcon_core.environment:checking '/home/asad/turtlebot0/install/turtlebot3_simulations/lib/python3.10/site-packages'
[3.698s] Level 1:colcon.colcon_core.environment:checking '/home/asad/turtlebot0/install/turtlebot3_simulations/bin'
[3.699s] INFO:colcon.colcon_core.shell:Creating package script '/home/asad/turtlebot0/install/turtlebot3_simulations/share/turtlebot3_simulations/package.ps1'
[3.704s] INFO:colcon.colcon_core.shell:Creating package descriptor '/home/asad/turtlebot0/install/turtlebot3_simulations/share/turtlebot3_simulations/package.dsv'
[3.707s] INFO:colcon.colcon_core.shell:Creating package script '/home/asad/turtlebot0/install/turtlebot3_simulations/share/turtlebot3_simulations/package.sh'
[3.711s] INFO:colcon.colcon_core.shell:Creating package script '/home/asad/turtlebot0/install/turtlebot3_simulations/share/turtlebot3_simulations/package.bash'
[3.714s] INFO:colcon.colcon_core.shell:Creating package script '/home/asad/turtlebot0/install/turtlebot3_simulations/share/turtlebot3_simulations/package.zsh'
[3.718s] Level 1:colcon.colcon_core.environment:create_file_with_runtime_dependencies(/home/asad/turtlebot0/install/turtlebot3_simulations/share/colcon-core/packages/turtlebot3_simulations)
[3.722s] Level 1:colcon.colcon_core.environment:create_environment_scripts_only(turtlebot3_simulations)
[3.724s] Level 1:colcon.colcon_core.environment:checking '/home/asad/turtlebot0/install/turtlebot3_simulations' for CMake module files
[3.726s] Level 1:colcon.colcon_core.environment:checking '/home/asad/turtlebot0/install/turtlebot3_simulations' for CMake config files
[3.727s] Level 1:colcon.colcon_core.shell:create_environment_hook('turtlebot3_simulations', 'cmake_prefix_path')
[3.728s] INFO:colcon.colcon_core.shell:Creating environment hook '/home/asad/turtlebot0/install/turtlebot3_simulations/share/turtlebot3_simulations/hook/cmake_prefix_path.ps1'
[3.732s] INFO:colcon.colcon_core.shell:Creating environment descriptor '/home/asad/turtlebot0/install/turtlebot3_simulations/share/turtlebot3_simulations/hook/cmake_prefix_path.dsv'
[3.733s] INFO:colcon.colcon_core.shell:Creating environment hook '/home/asad/turtlebot0/install/turtlebot3_simulations/share/turtlebot3_simulations/hook/cmake_prefix_path.sh'
[3.736s] Level 1:colcon.colcon_core.environment:checking '/home/asad/turtlebot0/install/turtlebot3_simulations/bin'
[3.736s] Level 1:colcon.colcon_core.environment:checking '/home/asad/turtlebot0/install/turtlebot3_simulations/lib/pkgconfig/turtlebot3_simulations.pc'
[3.737s] Level 1:colcon.colcon_core.environment:checking '/home/asad/turtlebot0/install/turtlebot3_simulations/lib/python3.10/site-packages'
[3.739s] Level 1:colcon.colcon_core.environment:checking '/home/asad/turtlebot0/install/turtlebot3_simulations/bin'
[3.740s] INFO:colcon.colcon_core.shell:Creating package script '/home/asad/turtlebot0/install/turtlebot3_simulations/share/turtlebot3_simulations/package.ps1'
[3.742s] INFO:colcon.colcon_core.shell:Creating package descriptor '/home/asad/turtlebot0/install/turtlebot3_simulations/share/turtlebot3_simulations/package.dsv'
[3.744s] INFO:colcon.colcon_core.shell:Creating package script '/home/asad/turtlebot0/install/turtlebot3_simulations/share/turtlebot3_simulations/package.sh'
[3.746s] INFO:colcon.colcon_core.shell:Creating package script '/home/asad/turtlebot0/install/turtlebot3_simulations/share/turtlebot3_simulations/package.bash'
[3.748s] INFO:colcon.colcon_core.shell:Creating package script '/home/asad/turtlebot0/install/turtlebot3_simulations/share/turtlebot3_simulations/package.zsh'
[3.750s] Level 1:colcon.colcon_core.environment:create_file_with_runtime_dependencies(/home/asad/turtlebot0/install/turtlebot3_simulations/share/colcon-core/packages/turtlebot3_simulations)
[4.873s] DEBUG:colcon.colcon_core.event_handler.log_command:Invoking command in '/home/asad/turtlebot0/src/turtlebot_dqn': PYTHONPATH=/home/asad/turtlebot0/build/turtlebot_dqn/prefix_override:/usr/lib/python3/dist-packages/colcon_core/task/python/colcon_distutils_commands:/home/asad/turtlebot0/install/turtlebot_dqn/lib/python3.10/site-packages:${PYTHONPATH} /usr/bin/python3 -W ignore:setup.py install is deprecated -W ignore:easy_install command is deprecated setup.py egg_info --egg-base ../../build/turtlebot_dqn build --build-base /home/asad/turtlebot0/build/turtlebot_dqn/build install --record /home/asad/turtlebot0/build/turtlebot_dqn/install.log --single-version-externally-managed install_data
[6.177s] Level 1:colcon.colcon_core.environment:checking '/home/asad/turtlebot0/install/turtlebot_dqn' for CMake module files
[6.178s] DEBUG:colcon.colcon_core.event_handler.log_command:Invoked command in '/home/asad/turtlebot0/src/turtlebot_dqn' returned '0': PYTHONPATH=/home/asad/turtlebot0/build/turtlebot_dqn/prefix_override:/usr/lib/python3/dist-packages/colcon_core/task/python/colcon_distutils_commands:/home/asad/turtlebot0/install/turtlebot_dqn/lib/python3.10/site-packages:${PYTHONPATH} /usr/bin/python3 -W ignore:setup.py install is deprecated -W ignore:easy_install command is deprecated setup.py egg_info --egg-base ../../build/turtlebot_dqn build --build-base /home/asad/turtlebot0/build/turtlebot_dqn/build install --record /home/asad/turtlebot0/build/turtlebot_dqn/install.log --single-version-externally-managed install_data
[6.180s] Level 1:colcon.colcon_core.environment:checking '/home/asad/turtlebot0/install/turtlebot_dqn' for CMake config files
[6.182s] Level 1:colcon.colcon_core.environment:checking '/home/asad/turtlebot0/install/turtlebot_dqn/lib'
[6.183s] Level 1:colcon.colcon_core.environment:checking '/home/asad/turtlebot0/install/turtlebot_dqn/bin'
[6.183s] Level 1:colcon.colcon_core.environment:checking '/home/asad/turtlebot0/install/turtlebot_dqn/lib/pkgconfig/turtlebot_dqn.pc'
[6.184s] Level 1:colcon.colcon_core.environment:checking '/home/asad/turtlebot0/install/turtlebot_dqn/lib/python3.10/site-packages'
[6.184s] Level 1:colcon.colcon_core.shell:create_environment_hook('turtlebot_dqn', 'pythonpath')
[6.185s] INFO:colcon.colcon_core.shell:Creating environment hook '/home/asad/turtlebot0/install/turtlebot_dqn/share/turtlebot_dqn/hook/pythonpath.ps1'
[6.187s] INFO:colcon.colcon_core.shell:Creating environment descriptor '/home/asad/turtlebot0/install/turtlebot_dqn/share/turtlebot_dqn/hook/pythonpath.dsv'
[6.189s] INFO:colcon.colcon_core.shell:Creating environment hook '/home/asad/turtlebot0/install/turtlebot_dqn/share/turtlebot_dqn/hook/pythonpath.sh'
[6.193s] Level 1:colcon.colcon_core.environment:checking '/home/asad/turtlebot0/install/turtlebot_dqn/bin'
[6.194s] Level 1:colcon.colcon_core.environment:create_environment_scripts_only(turtlebot_dqn)
[6.195s] INFO:colcon.colcon_core.shell:Creating package script '/home/asad/turtlebot0/install/turtlebot_dqn/share/turtlebot_dqn/package.ps1'
[6.197s] INFO:colcon.colcon_core.shell:Creating package descriptor '/home/asad/turtlebot0/install/turtlebot_dqn/share/turtlebot_dqn/package.dsv'
[6.199s] INFO:colcon.colcon_core.shell:Creating package script '/home/asad/turtlebot0/install/turtlebot_dqn/share/turtlebot_dqn/package.sh'
[6.201s] INFO:colcon.colcon_core.shell:Creating package script '/home/asad/turtlebot0/install/turtlebot_dqn/share/turtlebot_dqn/package.bash'
[6.203s] INFO:colcon.colcon_core.shell:Creating package script '/home/asad/turtlebot0/install/turtlebot_dqn/share/turtlebot_dqn/package.zsh'
[6.204s] Level 1:colcon.colcon_core.environment:create_file_with_runtime_dependencies(/home/asad/turtlebot0/install/turtlebot_dqn/share/colcon-core/packages/turtlebot_dqn)
[6.205s] DEBUG:colcon.colcon_parallel_executor.executor.parallel:closing loop
[6.207s] DEBUG:colcon.colcon_parallel_executor.executor.parallel:loop closed
[6.207s] DEBUG:colcon.colcon_parallel_executor.executor.parallel:run_until_complete finished with '0'
[6.208s] DEBUG:colcon.colcon_core.event_reactor:joining thread
[6.226s] INFO:colcon.colcon_core.plugin_system:Skipping extension 'colcon_notification.desktop_notification.terminal_notifier': Not used on non-Darwin systems
[6.226s] INFO:colcon.colcon_core.plugin_system:Skipping extension 'colcon_notification.desktop_notification.win32': Not used on non-Windows systems
[6.226s] INFO:colcon.colcon_notification.desktop_notification:Sending desktop notification using 'notify2'
[6.275s] DEBUG:colcon.colcon_core.event_reactor:joined thread
[6.276s] INFO:colcon.colcon_core.shell:Creating prefix script '/home/asad/turtlebot0/install/local_setup.ps1'
[6.280s] INFO:colcon.colcon_core.shell:Creating prefix util module '/home/asad/turtlebot0/install/_local_setup_util_ps1.py'
[6.291s] INFO:colcon.colcon_core.shell:Creating prefix chain script '/home/asad/turtlebot0/install/setup.ps1'
[6.299s] INFO:colcon.colcon_core.shell:Creating prefix script '/home/asad/turtlebot0/install/local_setup.sh'
[6.301s] INFO:colcon.colcon_core.shell:Creating prefix util module '/home/asad/turtlebot0/install/_local_setup_util_sh.py'
[6.306s] INFO:colcon.colcon_core.shell:Creating prefix chain script '/home/asad/turtlebot0/install/setup.sh'
[6.312s] INFO:colcon.colcon_core.shell:Creating prefix script '/home/asad/turtlebot0/install/local_setup.bash'
[6.315s] INFO:colcon.colcon_core.shell:Creating prefix chain script '/home/asad/turtlebot0/install/setup.bash'
[6.321s] INFO:colcon.colcon_core.shell:Creating prefix script '/home/asad/turtlebot0/install/local_setup.zsh'
[6.324s] INFO:colcon.colcon_core.shell:Creating prefix chain script '/home/asad/turtlebot0/install/setup.zsh'
